// Jest Snapshot v1, https://goo.gl/fbAQLP

exports[`renders correctly PlaceCard 1`] = `
Array [
  <header
    className="header"
  >
    <div
      className="container"
    >
      <div
        className="header__wrapper"
      >
        <div
          className="header__left"
        >
          <a
            className="header__logo-link"
            href="/"
            onClick={[Function]}
          >
            <img
              alt="6 cities logo"
              className="header__logo"
              height="41"
              src="/img/logo.svg"
              width="81"
            />
          </a>
        </div>
        <nav
          className="header__nav"
        >
          <ul
            className="header__nav-list"
          >
            <a
              className="header__login"
              href="/login"
              onClick={[Function]}
            >
              Sign in
            </a>
          </ul>
        </nav>
      </div>
    </div>
  </header>,
  <main
    className="page__main page__main--favorites"
  >
    <div
      className="page__favorites-container container"
    >
      <section
        className="favorites"
      >
        <h1
          className="favorites__title"
        >
          Saved listing
        </h1>
        <ul
          className="favorites__list"
        >
          <section
            className="favorites favorites--empty"
          >
            <h1
              className="visually-hidden"
            >
              Favorites (empty)
            </h1>
            <div
              className="favorites__status-wrapper"
            >
              <b
                className="favorites__status"
              >
                Nothing yet saved.
              </b>
              <p
                className="favorites__status-description"
              >
                Save properties to narrow down search or plan yor future trips.
              </p>
            </div>
          </section>
        </ul>
      </section>
    </div>
  </main>,
]
`;
